2026-07-15 19:19:18,108 | test.py | Entity 52 has job 
2026-07-15 19:19:18,110 | job.py | target is 7
2026-07-15 19:19:18,114 | job.py | target is (5, 10)
2026-07-15 19:19:18,115 | job.py | Entity 51 is moving to (5, 10)
2026-07-15 19:19:18,718 | test.py | ========== DIAGNOSTIC SNAPSHOT: ENTITY 52 ==========
2026-07-15 19:19:18,719 | test.py |   [State] Currently in state: Idle
2026-07-15 19:19:18,719 | test.py |   [Hunger] Value: 60
2026-07-15 19:19:18,719 | test.py |   [Job] Idle (No active Job component attached)
2026-07-15 19:19:18,719 | test.py |   [Inventory] Contents:
2026-07-15 19:19:18,719 | test.py |     - Wood: 6
2026-07-15 19:19:18,719 | test.py |     - Stone: 8
2026-07-15 19:19:18,719 | test.py | ====================================================
2026-07-15 19:19:18,719 | job.py | target is 7
2026-07-15 19:19:18,719 | job.py | target is (5, 10)
2026-07-15 19:19:18,719 | job.py | Entity 51 is moving to (5, 10)
2026-07-15 19:19:19,320 | test.py | ========== DIAGNOSTIC SNAPSHOT: ENTITY 52 ==========
2026-07-15 19:19:19,321 | test.py |   [State] Currently in state: Idle
2026-07-15 19:19:19,321 | test.py |   [Hunger] Value: 40
2026-07-15 19:19:19,321 | test.py |   [Job] Idle (No active Job component attached)
2026-07-15 19:19:19,321 | test.py |   [Inventory] Contents:
2026-07-15 19:19:19,321 | test.py |     - Wood: 6
2026-07-15 19:19:19,321 | test.py |     - Stone: 8
2026-07-15 19:19:19,321 | test.py | ====================================================
2026-07-15 19:19:19,321 | job.py | target is 7
2026-07-15 19:19:19,321 | job.py | target is (5, 10)
2026-07-15 19:19:19,321 | job.py | Entity 51 is moving to (5, 10)
2026-07-15 19:19:19,922 | test.py | ========== DIAGNOSTIC SNAPSHOT: ENTITY 52 ==========
2026-07-15 19:19:19,923 | test.py |   [State] Currently in state: Idle
2026-07-15 19:19:19,923 | test.py |   [Hunger] Value: 20
2026-07-15 19:19:19,923 | test.py |   [Job] Idle (No active Job component attached)
2026-07-15 19:19:19,923 | test.py |   [Inventory] Contents:
2026-07-15 19:19:19,923 | test.py |     - Wood: 6
2026-07-15 19:19:19,923 | test.py |     - Stone: 8
2026-07-15 19:19:19,923 | test.py | ====================================================
2026-07-15 19:19:19,923 | job.py | target is 7
2026-07-15 19:19:19,923 | job.py | target is (5, 10)
2026-07-15 19:19:19,923 | job.py | Entity 51 is moving to (5, 10)
2026-07-15 19:19:20,524 | test.py | ========== DIAGNOSTIC SNAPSHOT: ENTITY 52 ==========
2026-07-15 19:19:20,525 | test.py |   [State] Currently in state: Idle
2026-07-15 19:19:20,525 | test.py |   [Hunger] Value: 0
2026-07-15 19:19:20,525 | test.py |   [Job] Idle (No active Job component attached)
2026-07-15 19:19:20,525 | test.py |   [Inventory] Contents:
2026-07-15 19:19:20,525 | test.py |     - Wood: 6
2026-07-15 19:19:20,525 | test.py |     - Stone: 8
2026-07-15 19:19:20,525 | test.py | ====================================================
2026-07-15 19:19:20,525 | job.py | target is 7
2026-07-15 19:19:20,525 | job.py | target is (5, 10)
2026-07-15 19:19:20,525 | job.py | Entity 51 is moving to (5, 10)
2026-07-15 19:19:21,127 | test.py | ========== DIAGNOSTIC SNAPSHOT: ENTITY 52 ==========
2026-07-15 19:19:21,127 | test.py |   [State] Currently in state: Idle
2026-07-15 19:19:21,127 | test.py |   [Hunger] Value: -20
2026-07-15 19:19:21,127 | test.py |   [Job] Idle (No active Job component attached)
2026-07-15 19:19:21,127 | test.py |   [Inventory] Contents:
2026-07-15 19:19:21,127 | test.py |     - Wood: 6
2026-07-15 19:19:21,127 | test.py |     - Stone: 8
2026-07-15 19:19:21,127 | test.py | ====================================================
2026-07-15 19:19:21,127 | job.py | target is 7
2026-07-15 19:19:21,127 | job.py | target is (5, 10)
2026-07-15 19:19:21,127 | job.py | Entity 51 is moving to (5, 10)
2026-07-15 19:19:21,730 | test.py | ========== DIAGNOSTIC SNAPSHOT: ENTITY 52 ==========
2026-07-15 19:19:21,730 | test.py |   [State] Currently in state: Idle
2026-07-15 19:19:21,730 | test.py |   [Hunger] Value: -40
2026-07-15 19:19:21,730 | test.py |   [Job] Idle (No active Job component attached)
2026-07-15 19:19:21,730 | test.py |   [Inventory] Contents:
2026-07-15 19:19:21,730 | test.py |     - Wood: 6
2026-07-15 19:19:21,730 | test.py |     - Stone: 8
2026-07-15 19:19:21,730 | test.py | ====================================================
2026-07-15 19:19:21,730 | job.py | target is 7
2026-07-15 19:19:21,731 | job.py | target is (5, 10)
2026-07-15 19:19:21,732 | job.py | Entity 51 is moving to (5, 10)
2026-07-15 19:19:22,333 | test.py | ========== DIAGNOSTIC SNAPSHOT: ENTITY 52 ==========
2026-07-15 19:19:22,333 | test.py |   [State] Currently in state: Idle
2026-07-15 19:19:22,333 | test.py |   [Hunger] Value: -60
2026-07-15 19:19:22,333 | test.py |   [Job] Idle (No active Job component attached)
2026-07-15 19:19:22,333 | test.py |   [Inventory] Contents:
2026-07-15 19:19:22,333 | test.py |     - Wood: 6
2026-07-15 19:19:22,333 | test.py |     - Stone: 8
2026-07-15 19:19:22,333 | test.py | ====================================================
2026-07-15 19:19:22,334 | job.py | target is 7
2026-07-15 19:19:22,334 | job.py | target is (5, 10)
2026-07-15 19:19:22,334 | job.py | Entity 51 is moving to (5, 10)
2026-07-15 19:19:22,936 | test.py | ========== DIAGNOSTIC SNAPSHOT: ENTITY 52 ==========
2026-07-15 19:19:22,936 | test.py |   [State] Currently in state: Idle
2026-07-15 19:19:22,936 | test.py |   [Hunger] Value: -80
2026-07-15 19:19:22,937 | test.py |   [Job] Idle (No active Job component attached)
2026-07-15 19:19:22,937 | test.py |   [Inventory] Contents:
2026-07-15 19:19:22,937 | test.py |     - Wood: 6
2026-07-15 19:19:22,937 | test.py |     - Stone: 8
2026-07-15 19:19:22,937 | test.py | ====================================================
2026-07-15 19:19:22,937 | job.py | target is 7
2026-07-15 19:19:22,937 | job.py | target is (5, 10)
2026-07-15 19:19:22,937 | job.py | Entity 51 is moving to (5, 10)
2026-07-15 19:19:23,538 | test.py | ========== DIAGNOSTIC SNAPSHOT: ENTITY 52 ==========
2026-07-15 19:19:23,539 | test.py |   [State] Currently in state: Idle
2026-07-15 19:19:23,539 | test.py |   [Hunger] Value: -100
2026-07-15 19:19:23,539 | test.py |   [Job] Idle (No active Job component attached)
2026-07-15 19:19:23,539 | test.py |   [Inventory] Contents:
2026-07-15 19:19:23,539 | test.py |     - Wood: 6
2026-07-15 19:19:23,539 | test.py |     - Stone: 8
2026-07-15 19:19:23,539 | test.py | ====================================================
2026-07-15 19:19:23,539 | job.py | target is 7
2026-07-15 19:19:23,539 | job.py | target is (5, 10)
2026-07-15 19:19:23,539 | job.py | Entity 51 is moving to (5, 10)
2026-07-15 19:19:24,141 | test.py | ========== DIAGNOSTIC SNAPSHOT: ENTITY 52 ==========
2026-07-15 19:19:24,141 | test.py |   [State] Currently in state: Idle
2026-07-15 19:19:24,141 | test.py |   [Hunger] Value: -120
2026-07-15 19:19:24,141 | test.py |   [Job] Idle (No active Job component attached)
2026-07-15 19:19:24,141 | test.py |   [Inventory] Contents:
2026-07-15 19:19:24,141 | test.py |     - Wood: 6
2026-07-15 19:19:24,141 | test.py |     - Stone: 8
2026-07-15 19:19:24,141 | test.py | ====================================================
2026-07-15 19:19:24,142 | job.py | target is 7
2026-07-15 19:19:24,143 | job.py | target is (5, 10)
2026-07-15 19:19:24,143 | job.py | Entity 51 is moving to (5, 10)
2026-07-15 19:19:24,746 | test.py | ========== DIAGNOSTIC SNAPSHOT: ENTITY 52 ==========
2026-07-15 19:19:24,747 | test.py |   [State] Currently in state: Idle
2026-07-15 19:19:24,747 | test.py |   [Hunger] Value: -140
2026-07-15 19:19:24,747 | test.py |   [Job] Idle (No active Job component attached)
2026-07-15 19:19:24,747 | test.py |   [Inventory] Contents:
2026-07-15 19:19:24,747 | test.py |     - Wood: 6
2026-07-15 19:19:24,747 | test.py |     - Stone: 8
2026-07-15 19:19:24,747 | test.py | ====================================================
2026-07-15 19:19:24,747 | job.py | target is 7
2026-07-15 19:19:24,747 | job.py | target is (5, 10)
2026-07-15 19:19:24,747 | job.py | Entity 51 is moving to (5, 10)
2026-07-15 19:19:25,348 | test.py | ========== DIAGNOSTIC SNAPSHOT: ENTITY 52 ==========
2026-07-15 19:19:25,349 | test.py |   [State] Currently in state: Idle
2026-07-15 19:19:25,349 | test.py |   [Hunger] Value: -160
2026-07-15 19:19:25,349 | test.py |   [Job] Idle (No active Job component attached)
2026-07-15 19:19:25,349 | test.py |   [Inventory] Contents:
2026-07-15 19:19:25,349 | test.py |     - Wood: 6
2026-07-15 19:19:25,349 | test.py |     - Stone: 8
2026-07-15 19:19:25,349 | test.py | ====================================================
2026-07-15 19:19:25,349 | job.py | target is 7
2026-07-15 19:19:25,349 | job.py | target is (5, 10)
2026-07-15 19:19:25,349 | job.py | Entity 51 is moving to (5, 10)
2026-07-15 19:19:25,950 | test.py | ========== DIAGNOSTIC SNAPSHOT: ENTITY 52 ==========
2026-07-15 19:19:25,950 | test.py |   [State] Currently in state: Idle
2026-07-15 19:19:25,950 | test.py |   [Hunger] Value: -180
2026-07-15 19:19:25,950 | test.py |   [Job] Idle (No active Job component attached)
2026-07-15 19:19:25,950 | test.py |   [Inventory] Contents:
2026-07-15 19:19:25,950 | test.py |     - Wood: 6
2026-07-15 19:19:25,950 | test.py |     - Stone: 8
2026-07-15 19:19:25,950 | test.py | ====================================================
2026-07-15 19:19:25,950 | job.py | target is 7
2026-07-15 19:19:25,950 | job.py | target is (5, 10)
2026-07-15 19:19:25,950 | job.py | Entity 51 is moving to (5, 10)
2026-07-15 19:19:26,553 | test.py | ========== DIAGNOSTIC SNAPSHOT: ENTITY 52 ==========
2026-07-15 19:19:26,553 | test.py |   [State] Currently in state: Idle
2026-07-15 19:19:26,553 | test.py |   [Hunger] Value: -200
2026-07-15 19:19:26,553 | test.py |   [Job] Idle (No active Job component attached)
2026-07-15 19:19:26,553 | test.py |   [Inventory] Contents:
2026-07-15 19:19:26,553 | test.py |     - Wood: 6
2026-07-15 19:19:26,553 | test.py |     - Stone: 8
2026-07-15 19:19:26,553 | test.py | ====================================================
2026-07-15 19:19:26,553 | job.py | target is 7
2026-07-15 19:19:26,553 | job.py | target is (5, 10)
2026-07-15 19:19:26,553 | job.py | Entity 51 is moving to (5, 10)
2026-07-15 19:19:27,155 | test.py | ========== DIAGNOSTIC SNAPSHOT: ENTITY 52 ==========
2026-07-15 19:19:27,156 | test.py |   [State] Currently in state: Idle
2026-07-15 19:19:27,156 | test.py |   [Hunger] Value: -220
2026-07-15 19:19:27,156 | test.py |   [Job] Idle (No active Job component attached)
2026-07-15 19:19:27,156 | test.py |   [Inventory] Contents:
2026-07-15 19:19:27,156 | test.py |     - Wood: 6
2026-07-15 19:19:27,156 | test.py |     - Stone: 8
2026-07-15 19:19:27,156 | test.py | ====================================================
2026-07-15 19:19:27,156 | job.py | target is 7
2026-07-15 19:19:27,156 | job.py | target is (5, 10)
2026-07-15 19:19:27,156 | job.py | Entity 51 is moving to (5, 10)
2026-07-15 19:19:27,757 | test.py | ========== DIAGNOSTIC SNAPSHOT: ENTITY 52 ==========
2026-07-15 19:19:27,758 | test.py |   [State] Currently in state: Idle
2026-07-15 19:19:27,758 | test.py |   [Hunger] Value: -240
2026-07-15 19:19:27,758 | test.py |   [Job] Idle (No active Job component attached)
2026-07-15 19:19:27,758 | test.py |   [Inventory] Contents:
2026-07-15 19:19:27,758 | test.py |     - Wood: 6
2026-07-15 19:19:27,758 | test.py |     - Stone: 8
2026-07-15 19:19:27,758 | test.py | ====================================================
2026-07-15 19:19:27,758 | job.py | target is 7
2026-07-15 19:19:27,758 | job.py | target is (5, 10)
2026-07-15 19:19:27,758 | job.py | Entity 51 is moving to (5, 10)
2026-07-15 19:19:28,359 | test.py | ========== DIAGNOSTIC SNAPSHOT: ENTITY 52 ==========
2026-07-15 19:19:28,359 | test.py |   [State] Currently in state: Idle
2026-07-15 19:19:28,359 | test.py |   [Hunger] Value: -260
2026-07-15 19:19:28,359 | test.py |   [Job] Idle (No active Job component attached)
2026-07-15 19:19:28,359 | test.py |   [Inventory] Contents:
2026-07-15 19:19:28,359 | test.py |     - Wood: 6
2026-07-15 19:19:28,359 | test.py |     - Stone: 8
2026-07-15 19:19:28,359 | test.py | ====================================================
2026-07-15 19:19:28,359 | job.py | target is 7
2026-07-15 19:19:28,359 | job.py | target is (5, 10)
2026-07-15 19:19:28,359 | job.py | Entity 51 is moving to (5, 10)
2026-07-15 19:19:28,960 | test.py | ========== DIAGNOSTIC SNAPSHOT: ENTITY 52 ==========
2026-07-15 19:19:28,961 | test.py |   [State] Currently in state: Idle
2026-07-15 19:19:28,961 | test.py |   [Hunger] Value: -280
2026-07-15 19:19:28,961 | test.py |   [Job] Idle (No active Job component attached)
2026-07-15 19:19:28,961 | test.py |   [Inventory] Contents:
2026-07-15 19:19:28,961 | test.py |     - Wood: 6
2026-07-15 19:19:28,961 | test.py |     - Stone: 8
2026-07-15 19:19:28,961 | test.py | ====================================================
2026-07-15 19:19:28,961 | job.py | target is 7
2026-07-15 19:19:28,961 | job.py | target is (5, 10)
2026-07-15 19:19:28,962 | job.py | Entity 51 is moving to (5, 10)
2026-07-15 19:19:29,564 | test.py | ========== DIAGNOSTIC SNAPSHOT: ENTITY 52 ==========
2026-07-15 19:19:29,565 | test.py |   [State] Currently in state: Idle
2026-07-15 19:19:29,565 | test.py |   [Hunger] Value: -300
2026-07-15 19:19:29,565 | test.py |   [Job] Idle (No active Job component attached)
2026-07-15 19:19:29,565 | test.py |   [Inventory] Contents:
2026-07-15 19:19:29,565 | test.py |     - Wood: 6
2026-07-15 19:19:29,565 | test.py |     - Stone: 8
2026-07-15 19:19:29,565 | test.py | ====================================================
2026-07-15 19:19:29,565 | job.py | target is 7
2026-07-15 19:19:29,565 | job.py | target is (5, 10)
2026-07-15 19:19:29,565 | job.py | Entity 51 is moving to (5, 10)
2026-07-15 19:19:30,167 | test.py | ========== DIAGNOSTIC SNAPSHOT: ENTITY 52 ==========
2026-07-15 19:19:30,167 | test.py |   [State] Currently in state: Idle
2026-07-15 19:19:30,167 | test.py |   [Hunger] Value: -320
2026-07-15 19:19:30,167 | test.py |   [Job] Idle (No active Job component attached)
2026-07-15 19:19:30,167 | test.py |   [Inventory] Contents:
2026-07-15 19:19:30,167 | test.py |     - Wood: 6
2026-07-15 19:19:30,167 | test.py |     - Stone: 8
2026-07-15 19:19:30,167 | test.py | ====================================================
2026-07-15 19:19:30,167 | job.py | target is 7
2026-07-15 19:19:30,167 | job.py | target is (5, 10)
2026-07-15 19:19:30,167 | job.py | Entity 51 is moving to (5, 10)
2026-07-15 19:19:30,769 | test.py | ========== DIAGNOSTIC SNAPSHOT: ENTITY 52 ==========
2026-07-15 19:19:30,769 | test.py |   [State] Currently in state: Idle
2026-07-15 19:19:30,769 | test.py |   [Hunger] Value: -340
2026-07-15 19:19:30,769 | test.py |   [Job] Idle (No active Job component attached)
2026-07-15 19:19:30,769 | test.py |   [Inventory] Contents:
2026-07-15 19:19:30,769 | test.py |     - Wood: 6
2026-07-15 19:19:30,769 | test.py |     - Stone: 8
2026-07-15 19:19:30,769 | test.py | ====================================================
2026-07-15 19:19:30,769 | job.py | target is 7
2026-07-15 19:19:30,769 | job.py | target is (5, 10)
2026-07-15 19:19:30,769 | job.py | Entity 51 is moving to (5, 10)
2026-07-15 19:19:31,371 | test.py | ========== DIAGNOSTIC SNAPSHOT: ENTITY 52 ==========
2026-07-15 19:19:31,371 | test.py |   [State] Currently in state: Idle
2026-07-15 19:19:31,371 | test.py |   [Hunger] Value: -360
2026-07-15 19:19:31,371 | test.py |   [Job] Idle (No active Job component attached)
2026-07-15 19:19:31,371 | test.py |   [Inventory] Contents:
2026-07-15 19:19:31,371 | test.py |     - Wood: 6
2026-07-15 19:19:31,371 | test.py |     - Stone: 8
2026-07-15 19:19:31,371 | test.py | ====================================================
2026-07-15 19:19:31,371 | job.py | target is 7
2026-07-15 19:19:31,371 | job.py | target is (5, 10)
2026-07-15 19:19:31,371 | job.py | Entity 51 is moving to (5, 10)
2026-07-15 19:19:31,974 | test.py | ========== DIAGNOSTIC SNAPSHOT: ENTITY 52 ==========
2026-07-15 19:19:31,974 | test.py |   [State] Currently in state: Idle
2026-07-15 19:19:31,974 | test.py |   [Hunger] Value: -380
2026-07-15 19:19:31,974 | test.py |   [Job] Idle (No active Job component attached)
2026-07-15 19:19:31,974 | test.py |   [Inventory] Contents:
2026-07-15 19:19:31,974 | test.py |     - Wood: 6
2026-07-15 19:19:31,974 | test.py |     - Stone: 8
2026-07-15 19:19:31,974 | test.py | ====================================================
2026-07-15 19:19:31,974 | job.py | target is 7
2026-07-15 19:19:31,974 | job.py | target is (5, 10)
2026-07-15 19:19:31,974 | job.py | Entity 51 is moving to (5, 10)
2026-07-15 19:19:32,575 | test.py | ========== DIAGNOSTIC SNAPSHOT: ENTITY 52 ==========
2026-07-15 19:19:32,576 | test.py |   [State] Currently in state: Idle
2026-07-15 19:19:32,576 | test.py |   [Hunger] Value: -400
2026-07-15 19:19:32,576 | test.py |   [Job] Idle (No active Job component attached)
2026-07-15 19:19:32,576 | test.py |   [Inventory] Contents:
2026-07-15 19:19:32,576 | test.py |     - Wood: 6
2026-07-15 19:19:32,576 | test.py |     - Stone: 8
2026-07-15 19:19:32,576 | test.py | ====================================================
2026-07-15 19:19:32,576 | job.py | target is 7
2026-07-15 19:19:32,576 | job.py | target is (5, 10)
2026-07-15 19:19:32,576 | job.py | Entity 51 is moving to (5, 10)
2026-07-15 19:19:33,177 | test.py | ========== DIAGNOSTIC SNAPSHOT: ENTITY 52 ==========
2026-07-15 19:19:33,178 | test.py |   [State] Currently in state: Idle
2026-07-15 19:19:33,178 | test.py |   [Hunger] Value: -420
2026-07-15 19:19:33,178 | test.py |   [Job] Idle (No active Job component attached)
2026-07-15 19:19:33,178 | test.py |   [Inventory] Contents:
2026-07-15 19:19:33,178 | test.py |     - Wood: 6
2026-07-15 19:19:33,178 | test.py |     - Stone: 8
2026-07-15 19:19:33,178 | test.py | ====================================================
2026-07-15 19:19:33,178 | job.py | target is 7
2026-07-15 19:19:33,178 | job.py | target is (5, 10)
2026-07-15 19:19:33,178 | job.py | Entity 51 is moving to (5, 10)
2026-07-15 19:19:33,779 | test.py | ========== DIAGNOSTIC SNAPSHOT: ENTITY 52 ==========
2026-07-15 19:19:33,780 | test.py |   [State] Currently in state: Idle
2026-07-15 19:19:33,780 | test.py |   [Hunger] Value: -440
2026-07-15 19:19:33,780 | test.py |   [Job] Idle (No active Job component attached)
2026-07-15 19:19:33,780 | test.py |   [Inventory] Contents:
2026-07-15 19:19:33,780 | test.py |     - Wood: 6
2026-07-15 19:19:33,780 | test.py |     - Stone: 8
2026-07-15 19:19:33,780 | test.py | ====================================================
2026-07-15 19:19:33,780 | job.py | target is 7
2026-07-15 19:19:33,780 | job.py | target is (5, 10)
2026-07-15 19:19:33,780 | job.py | Entity 51 is moving to (5, 10)
2026-07-15 19:19:34,381 | test.py | ========== DIAGNOSTIC SNAPSHOT: ENTITY 52 ==========
2026-07-15 19:19:34,381 | test.py |   [State] Currently in state: Idle
2026-07-15 19:19:34,381 | test.py |   [Hunger] Value: -460
2026-07-15 19:19:34,381 | test.py |   [Job] Idle (No active Job component attached)
2026-07-15 19:19:34,381 | test.py |   [Inventory] Contents:
2026-07-15 19:19:34,381 | test.py |     - Wood: 6
2026-07-15 19:19:34,381 | test.py |     - Stone: 8
2026-07-15 19:19:34,381 | test.py | ====================================================
2026-07-15 19:19:34,381 | job.py | target is 7
2026-07-15 19:19:34,381 | job.py | target is (5, 10)
2026-07-15 19:19:34,381 | job.py | Entity 51 is moving to (5, 10)
2026-07-15 19:19:34,986 | test.py | ========== DIAGNOSTIC SNAPSHOT: ENTITY 52 ==========
2026-07-15 19:19:34,986 | test.py |   [State] Currently in state: Idle
2026-07-15 19:19:34,986 | test.py |   [Hunger] Value: -480
2026-07-15 19:19:34,986 | test.py |   [Job] Idle (No active Job component attached)
2026-07-15 19:19:34,986 | test.py |   [Inventory] Contents:
2026-07-15 19:19:34,986 | test.py |     - Wood: 6
2026-07-15 19:19:34,987 | test.py |     - Stone: 8
2026-07-15 19:19:34,987 | test.py | ====================================================
2026-07-15 19:19:34,987 | job.py | target is 7
2026-07-15 19:19:34,987 | job.py | target is (5, 10)
2026-07-15 19:19:34,987 | job.py | Entity 51 is moving to (5, 10)
2026-07-15 19:19:35,593 | test.py | ========== DIAGNOSTIC SNAPSHOT: ENTITY 52 ==========
2026-07-15 19:19:35,593 | test.py |   [State] Currently in state: Idle
2026-07-15 19:19:35,593 | test.py |   [Hunger] Value: -500
2026-07-15 19:19:35,593 | test.py |   [Job] Idle (No active Job component attached)
2026-07-15 19:19:35,593 | test.py |   [Inventory] Contents:
2026-07-15 19:19:35,593 | test.py |     - Wood: 6
2026-07-15 19:19:35,593 | test.py |     - Stone: 8
2026-07-15 19:19:35,593 | test.py | ====================================================
2026-07-15 19:19:35,593 | job.py | target is 7
2026-07-15 19:19:35,593 | job.py | target is (5, 10)
2026-07-15 19:19:35,593 | job.py | Entity 51 is moving to (5, 10)
2026-07-15 19:19:36,195 | test.py | ========== DIAGNOSTIC SNAPSHOT: ENTITY 52 ==========
2026-07-15 19:19:36,195 | test.py |   [State] Currently in state: Idle
2026-07-15 19:19:36,195 | test.py |   [Hunger] Value: -520
2026-07-15 19:19:36,195 | test.py |   [Job] Idle (No active Job component attached)
2026-07-15 19:19:36,195 | test.py |   [Inventory] Contents:
2026-07-15 19:19:36,195 | test.py |     - Wood: 6
2026-07-15 19:19:36,195 | test.py |     - Stone: 8
2026-07-15 19:19:36,195 | test.py | ====================================================
2026-07-15 19:19:36,195 | job.py | target is 7
2026-07-15 19:19:36,195 | job.py | target is (5, 10)
2026-07-15 19:19:36,195 | job.py | Entity 51 is moving to (5, 10)
2026-07-15 19:19:36,797 | test.py | ========== DIAGNOSTIC SNAPSHOT: ENTITY 52 ==========
2026-07-15 19:19:36,797 | test.py |   [State] Currently in state: Idle
2026-07-15 19:19:36,797 | test.py |   [Hunger] Value: -540
2026-07-15 19:19:36,797 | test.py |   [Job] Idle (No active Job component attached)
2026-07-15 19:19:36,798 | test.py |   [Inventory] Contents:
2026-07-15 19:19:36,798 | test.py |     - Wood: 6
2026-07-15 19:19:36,798 | test.py |     - Stone: 8
2026-07-15 19:19:36,798 | test.py | ====================================================
2026-07-15 19:19:36,798 | job.py | target is 7
2026-07-15 19:19:36,798 | job.py | target is (5, 10)
2026-07-15 19:19:36,798 | job.py | Entity 51 is moving to (5, 10)
2026-07-15 19:19:37,399 | test.py | ========== DIAGNOSTIC SNAPSHOT: ENTITY 52 ==========
2026-07-15 19:19:37,399 | test.py |   [State] Currently in state: Idle
2026-07-15 19:19:37,399 | test.py |   [Hunger] Value: -560
2026-07-15 19:19:37,399 | test.py |   [Job] Idle (No active Job component attached)
2026-07-15 19:19:37,399 | test.py |   [Inventory] Contents:
2026-07-15 19:19:37,399 | test.py |     - Wood: 6
2026-07-15 19:19:37,399 | test.py |     - Stone: 8
2026-07-15 19:19:37,399 | test.py | ====================================================
2026-07-15 19:19:38,001 | test.py | ========== DIAGNOSTIC SNAPSHOT: ENTITY 52 ==========
2026-07-15 19:19:38,001 | test.py |   [State] Currently in state: Idle
2026-07-15 19:19:38,001 | test.py |   [Hunger] Value: -580
2026-07-15 19:19:38,001 | test.py |   [Job] Idle (No active Job component attached)
2026-07-15 19:19:38,001 | test.py |   [Inventory] Contents:
2026-07-15 19:19:38,001 | test.py |     - Wood: 6
2026-07-15 19:19:38,001 | test.py |     - Stone: 8
2026-07-15 19:19:38,001 | test.py | ====================================================
2026-07-15 19:19:38,602 | test.py | ========== DIAGNOSTIC SNAPSHOT: ENTITY 52 ==========
2026-07-15 19:19:38,603 | test.py |   [State] Currently in state: Idle
2026-07-15 19:19:38,603 | test.py |   [Hunger] Value: -600
2026-07-15 19:19:38,603 | test.py |   [Job] Idle (No active Job component attached)
2026-07-15 19:19:38,603 | test.py |   [Inventory] Contents:
2026-07-15 19:19:38,603 | test.py |     - Wood: 6
2026-07-15 19:19:38,603 | test.py |     - Stone: 8
2026-07-15 19:19:38,603 | test.py | ====================================================
2026-07-15 19:19:39,205 | test.py | ========== DIAGNOSTIC SNAPSHOT: ENTITY 52 ==========
2026-07-15 19:19:39,205 | test.py |   [State] Currently in state: Idle
2026-07-15 19:19:39,206 | test.py |   [Hunger] Value: -620
2026-07-15 19:19:39,206 | test.py |   [Job] Idle (No active Job component attached)
2026-07-15 19:19:39,206 | test.py |   [Inventory] Contents:
2026-07-15 19:19:39,206 | test.py |     - Wood: 6
2026-07-15 19:19:39,206 | test.py |     - Stone: 8
2026-07-15 19:19:39,206 | test.py | ====================================================
2026-07-15 19:19:39,807 | test.py | ========== DIAGNOSTIC SNAPSHOT: ENTITY 52 ==========
2026-07-15 19:19:39,807 | test.py |   [State] Currently in state: Idle
2026-07-15 19:19:39,807 | test.py |   [Hunger] Value: -640
2026-07-15 19:19:39,807 | test.py |   [Job] Idle (No active Job component attached)
2026-07-15 19:19:39,807 | test.py |   [Inventory] Contents:
2026-07-15 19:19:39,807 | test.py |     - Wood: 6
2026-07-15 19:19:39,807 | test.py |     - Stone: 8
2026-07-15 19:19:39,807 | test.py | ====================================================
2026-07-15 19:19:40,408 | test.py | ========== DIAGNOSTIC SNAPSHOT: ENTITY 52 ==========
2026-07-15 19:19:40,408 | test.py |   [State] Currently in state: Idle
2026-07-15 19:19:40,408 | test.py |   [Hunger] Value: -660
2026-07-15 19:19:40,408 | test.py |   [Job] Idle (No active Job component attached)
2026-07-15 19:19:40,409 | test.py |   [Inventory] Contents:
2026-07-15 19:19:40,409 | test.py |     - Wood: 6
2026-07-15 19:19:40,409 | test.py |     - Stone: 8
2026-07-15 19:19:40,409 | test.py | ====================================================
2026-07-15 19:19:41,010 | test.py | ========== DIAGNOSTIC SNAPSHOT: ENTITY 52 ==========
2026-07-15 19:19:41,010 | test.py |   [State] Currently in state: Idle
2026-07-15 19:19:41,010 | test.py |   [Hunger] Value: -680
2026-07-15 19:19:41,010 | test.py |   [Job] Idle (No active Job component attached)
2026-07-15 19:19:41,010 | test.py |   [Inventory] Contents:
2026-07-15 19:19:41,010 | test.py |     - Wood: 6
2026-07-15 19:19:41,010 | test.py |     - Stone: 8
2026-07-15 19:19:41,010 | test.py | ====================================================
2026-07-15 19:19:41,612 | test.py | ========== DIAGNOSTIC SNAPSHOT: ENTITY 52 ==========
2026-07-15 19:19:41,612 | test.py |   [State] Currently in state: Idle
2026-07-15 19:19:41,612 | test.py |   [Hunger] Value: -700
2026-07-15 19:19:41,612 | test.py |   [Job] Idle (No active Job component attached)
2026-07-15 19:19:41,612 | test.py |   [Inventory] Contents:
2026-07-15 19:19:41,612 | test.py |     - Wood: 6
2026-07-15 19:19:41,612 | test.py |     - Stone: 8
2026-07-15 19:19:41,613 | test.py | ====================================================
2026-07-15 19:19:42,216 | test.py | ========== DIAGNOSTIC SNAPSHOT: ENTITY 52 ==========
2026-07-15 19:19:42,216 | test.py |   [State] Currently in state: Idle
2026-07-15 19:19:42,216 | test.py |   [Hunger] Value: -720
2026-07-15 19:19:42,216 | test.py |   [Job] Idle (No active Job component attached)
2026-07-15 19:19:42,216 | test.py |   [Inventory] Contents:
2026-07-15 19:19:42,216 | test.py |     - Wood: 6
2026-07-15 19:19:42,216 | test.py |     - Stone: 8
2026-07-15 19:19:42,216 | test.py | ====================================================
2026-07-15 19:19:42,819 | test.py | ========== DIAGNOSTIC SNAPSHOT: ENTITY 52 ==========
2026-07-15 19:19:42,819 | test.py |   [State] Currently in state: Idle
2026-07-15 19:19:42,819 | test.py |   [Hunger] Value: -740
2026-07-15 19:19:42,819 | test.py |   [Job] Idle (No active Job component attached)
2026-07-15 19:19:42,819 | test.py |   [Inventory] Contents:
2026-07-15 19:19:42,819 | test.py |     - Wood: 6
2026-07-15 19:19:42,819 | test.py |     - Stone: 8
2026-07-15 19:19:42,819 | test.py | ====================================================
2026-07-15 19:19:43,421 | test.py | ========== DIAGNOSTIC SNAPSHOT: ENTITY 52 ==========
2026-07-15 19:19:43,422 | test.py |   [State] Currently in state: Idle
2026-07-15 19:19:43,422 | test.py |   [Hunger] Value: -760
2026-07-15 19:19:43,422 | test.py |   [Job] Idle (No active Job component attached)
2026-07-15 19:19:43,422 | test.py |   [Inventory] Contents:
2026-07-15 19:19:43,422 | test.py |     - Wood: 6
2026-07-15 19:19:43,422 | test.py |     - Stone: 8
2026-07-15 19:19:43,422 | test.py | ====================================================
2026-07-15 19:19:44,023 | test.py | ========== DIAGNOSTIC SNAPSHOT: ENTITY 52 ==========
2026-07-15 19:19:44,023 | test.py |   [State] Currently in state: Idle
2026-07-15 19:19:44,024 | test.py |   [Hunger] Value: -780
2026-07-15 19:19:44,024 | test.py |   [Job] Idle (No active Job component attached)
2026-07-15 19:19:44,024 | test.py |   [Inventory] Contents:
2026-07-15 19:19:44,024 | test.py |     - Wood: 6
2026-07-15 19:19:44,024 | test.py |     - Stone: 8
2026-07-15 19:19:44,024 | test.py | ====================================================
2026-07-15 19:19:44,625 | test.py | ========== DIAGNOSTIC SNAPSHOT: ENTITY 52 ==========
2026-07-15 19:19:44,626 | test.py |   [State] Currently in state: Idle
2026-07-15 19:19:44,626 | test.py |   [Hunger] Value: -800
2026-07-15 19:19:44,627 | test.py |   [Job] Idle (No active Job component attached)
2026-07-15 19:19:44,627 | test.py |   [Inventory] Contents:
2026-07-15 19:19:44,628 | test.py |     - Wood: 6
2026-07-15 19:19:44,628 | test.py |     - Stone: 8
2026-07-15 19:19:44,629 | test.py | ====================================================
2026-07-15 19:19:45,232 | test.py | ========== DIAGNOSTIC SNAPSHOT: ENTITY 52 ==========
2026-07-15 19:19:45,232 | test.py |   [State] Currently in state: Idle
2026-07-15 19:19:45,232 | test.py |   [Hunger] Value: -820
2026-07-15 19:19:45,232 | test.py |   [Job] Idle (No active Job component attached)
2026-07-15 19:19:45,232 | test.py |   [Inventory] Contents:
2026-07-15 19:19:45,232 | test.py |     - Wood: 6
2026-07-15 19:19:45,232 | test.py |     - Stone: 8
2026-07-15 19:19:45,232 | test.py | ====================================================
